echo "# Linking FreeRTOSDemo.ARM_CORTEX_M3.elf from Build/obj/Source/croutine.o Build/obj/Source/list.o Build/obj/Source/queue.o Build/obj/Source/tasks.o Build/obj/Source/timers.o Build/obj/Source/portable/MemMang/heap_1.o Build/obj/Source/portable/GCC/ARM_CM3/port.o Build/obj/Demo/Common/Minimal/crflash.o Build/obj/Application/ParTest.o Build/obj/Application/main.o Build/obj/Application/startup.o Build/obj/BoardSupportPackage/bsp.o"
mkdir -p ./
/c/Software/CodeSourcery/Sourcery_CodeBench_Lite_for_ARM_EABI/bin/arm-none-eabi-gcc -mthumb -march=armv7-m -mfix-cortex-m3-ldrd -mlittle-endian -IC:/Users/Rosh/DOCUME~1/OVPSim/OVPSIM~1/Imperas/ImpPublic/include/common -IC:/Users/Rosh/DOCUME~1/OVPSim/OVPSIM~1/Imperas/ImpPublic/include/target/common -IC:/Users/Rosh/DOCUME~1/OVPSim/OVPSIM~1/Imperas/ImpPublic/include/target/application -IC:/Users/Rosh/DOCUME~1/OVPSim/OVPSIM~1/Imperas/lib/Windows32/TargetLibraries/include/arm -LC:/Users/Rosh/DOCUME~1/OVPSim/OVPSIM~1/Imperas/lib/Windows32/TargetLibraries/armm-elf -T standalone.ld -nostartfiles -o FreeRTOSDemo.ARM_CORTEX_M3.elf Build/obj/Source/croutine.o Build/obj/Source/list.o Build/obj/Source/queue.o Build/obj/Source/tasks.o Build/obj/Source/timers.o Build/obj/Source/portable/MemMang/heap_1.o Build/obj/Source/portable/GCC/ARM_CM3/port.o Build/obj/Demo/Common/Minimal/crflash.o Build/obj/Application/ParTest.o Build/obj/Application/main.o Build/obj/Application/startup.o Build/obj/BoardSupportPackage/bsp.o -limperas -lm -g -gdwarf-2
